10239541181-R01-E001-129.pdf
10408744151-R01-E001-172.pdf
10408744151-R01-E001-173.pdf
10408744151-R01-E001-174.pdf
10408744151-R01-E001-175.pdf
10408744151-R01-E001-176.pdf
10465858414-R01-E001-71.pdf
10726172591-02-E001-9.pdf
1743___ Factura Electronica - Impresion ___.pdf
1754___ Factura Electronica - Impresion ___.pdf
1802___ Factura Electronica - Impresion ___.pdf
1807___ Factura Electronica - Impresion ___.pdf
1844___ Factura Electronica - Impresion ___.pdf
1845___ Factura Electronica - Impresion ___.pdf
1846___ Factura Electronica - Impresion ___.pdf
1847___ Factura Electronica - Impresion ___.pdf
1879___ Factura Electronica - Impresion ___.pdf
1879___ Factura Electronica - Impresion ___Camping_Torus.pdf
1880___ Factura Electronica - Impresion ___.pdf
1881___ Factura Electronica - Impresion ___.pdf
20252796623-01-F005-18812.pdf
20252796623-01-F005-19033.pdf
20260811153843_2614863.pdf
20260812153900_9086834.pdf
20260814145653_63345.pdf
20309001037-01-FL05-00036295.pdf
20358806237-01-F001-38853.pdf
20387253191-01-FC03-00002537.pdf
20442088811-01-F011-29848.pdf
20442088811-01-F011-29849.pdf
20452235073-01-F002-0023975.pdf
20477906380-01-FC01-8808.pdf
20477906380-07-FC01-1238.pdf
20490257188-01-F001-10305.pdf
20503909007-01-FM01-00004843.pdf
20505670443_01_F019-32586_82657106.pdf
20510815522-07-F001-0003289.pdf
20523732391-01-F001-11458.pdf
20526922299-01-F002-8703.pdf
20527992525-01-FA02-00001849.pdf
20527992525-01-FA02-00001856.pdf
20536047906-01-F008-00035633.pdf
20536047906-07-FC55-00002098.pdf
20536180657-01-F020-16435.pdf
20536180657-07-FF20-3162.pdf
20603386214-01-F001-00000733.pdf
20603386214-01-F001-00000734.pdf
20603386214-01-F001-00000736.pdf
20603386214-01-F001-00000737.pdf
20603386214-01-F001-733.pdf
20603386214-01-F001-734.pdf
20603386214-01-F001-736.pdf
20603386214-01-F001-737.pdf
20605032151-01-F009-00002377.pdf
20605032151-03-B009-00001816.pdf
20606383356-01-F003-00000024.pdf
20608208977-01-F005-00004262.PDF
20610235736-01-F006-00003137.pdf
20610235736-01-F006-00003152.pdf
20610235736-01-F006-00003185.pdf
20610235736-01-F006-00003192.pdf
27.07 11786 20558210207 KATARI 260800004.pdf
Almuerzo_Cena_Lima_310726.pdf
Almuerzo_Paracas_280726.pdf
Almuerzo_Paracas_300726.pdf
boletaalmuerzo290726.pdf
E001-2237_Braydi Wonders_Kieboom Eduard.pdf
E001-7189.pdf
F001-15052.pdf
FACTURA 1 DE TUCANO JULIO.pdf
FACTURA 2 DE TUCANO JULIO.pdf
FACTURA BRAIDY WONDERS 13 DE AGOSTO -E001-1128.pdf
FACTURA EMUFEC - INTIRAYMI.pdf
FACTURA F001-10305.pdf
FACTURA F001-10336.pdf
FACTURA TELETICKET - INTIRAYMI.pdf
FW01-00000409.pdf
Pasaje_Ica-Lima_280726.pdf
Pasaje_Lima-Ica_310726.pdf
Pasaje_Paracas-Ica_280726.pdf
Pasaje_Paracas-Ica_300726.pdf
Pasaje_Pisco-Ica_290726.pdf
PDF-20492015165-01-F005-00003003.pdf
PDF-20492015165-01-F005-00003004.pdf
PDF-DOC-E001-122820600179005.pdf
PDF-DOC-E001-122920600179005.pdf
PDF-DOC-E001-123020600179005.pdf
PDF-DOC-E001-167820602511007.pdf
PDF-DOC-E001199220601320500.pdf
PDF-DOC-E001199320601320500 (1).pdf
PDF-DOC-E001-203120601320500.pdf
PDF-DOC-E001266120602860958.pdf
PDF-DOC-E001266220602860958.pdf
PDF-DOC-E001266320602860958.pdf
PDF-DOC-E001-4920614765209.pdf
PDF-DOC-E001-5020614765209.pdf
PDF-DOC-E001-5120614765209.pdf
PDF-DOC-E001-5220615850609.pdf
PDF-DOC-E001-950 - BRAIDY WONDERS.pdf
RENTA DE AUTO ADICIONAL.pdf
RH COMISION.pdf
RH Goichuk.pdf
RH Kieboom.pdf
RH Koltsova.pdf
RH Reyes.pdf
RHE_Braidy_Wonders_31JUL.pdf
RHE10106296168E001450.pdf
RHE10238549553E001470.pdf
RHE10422800102E001452.pdf
RHE10438198984E001122.pdf
RHE10448269201E001468.pdf
RHE10471460490E001453.pdf
RHE10731722124E001109.pdf
SB01-0647150389.PDF
SB01-0647174930.PDF
10408222490-R01-E001-546.pdf
20114803228-01-F302-00029273.pdf
20114803228-07-F302-00001674.pdf
20505670443_01_F078-47775_82816103.pdf
20510931514-01-F078-00006828.pdf
Documento escaneado 15.pdf
INVOICE TUCANO - FILE 260918LAN Ronald Lane x 4.pdf
RHE10422800102E001503.pdf
RHE10422800102E001504.pdf
RHE10422800102E001505.pdf
20181508168-01-F012-776.pdf
20536047906-01-F007-00024484.pdf
20610235736-01-F006-00003227.pdf
E001-166 - V14.pdf
F002-813 BRAIDY WONDERS ANTICIPO.pdf
RHE10731722124E001111.pdf
20260819111208_9885659.pdf
20442088811-01-F011-30391.pdf
20610235736-01-F003-00002785.pdf
RHE10239898993E001556.pdf
RHE10239898993E001557.pdf
RHE10239898993E001558.pdf
RHE10490200784E00132.pdf
10099100171-R01-E001-447.pdf
10238549553-R01-E001-470.pdf
10239541181-R01-E001-124 (1).pdf
10239541181-R01-E001-125.pdf
10408222490-R01-E001-542.pdf
20505670443_01_F002-48880_81530317.pdf
20505670443_01_F002-49089_81738411.pdf
20505670443_01_F013-55142_81917716.pdf
20505670443_01_F014-30197_81665464.pdf
20505670443_01_F014-30204_81666490.pdf
20603386214-01-F001-610.pdf
20603386214-01-F001-653.pdf
20603386214-01-F001-670.pdf
20603386214-01-F001-671.pdf
20603386214-01-F001-693.pdf
20603386214-01-F001-694.pdf
E001-7143.pdf
E001-7147.pdf
FACT 6498.pdf
Factura Lux File260100003.pdf
Factura Lux File260500001.pdf
Factura Lux File260500002.pdf
Factura Lux File260500003.pdf
Factura Lux File260500005.pdf
Factura Lux File260500007.pdf
Factura Lux File260500009.pdf
Factura Lux File260500012.pdf
Factura Lux File260500015.pdf
Factura Lux File260500016.pdf
FacturaLux File260500013.pdf
FacturaLux File260500014.pdf
PDF-DOC-E001111520600179005.pdf
PDF-DOC-E001112420600179005.pdf
PDF-DOC-E001112620600179005.pdf
PDF-DOC-E001115120600179005.pdf
PDF-DOC-E001115220600179005.pdf
PDF-DOC-E001115620600179005.pdf
PDF-DOC-E001116020600179005.pdf
PDF-DOC-E001116920600179005.pdf
PDF-DOC-E001117020600179005.pdf
PDF-DOC-E001119020600179005.pdf
PDF-DOC-E001120520600179005.pdf
PDF-DOC-E001-128420433412860.pdf
PDF-DOC-E001-161820602511007.pdf
PDF-DOC-E001-165620602511007.pdf
PDF-DOC-E001-166620602511007.pdf
PDF-DOC-E001-199220601320500.pdf
PDF-DOC-E001199320601320500.pdf
PDF-DOC-E001-6020603975899.pdf
PDF-DOC-E001705720225253529.pdf
PDF-DOC-E001705920225253529.pdf
PDF-DOC-E001706620225253529.pdf
PDF-DOC-E001706720225253529.pdf
PDF-DOC-E001707920225253529.pdf
PDF-DOC-E001708020225253529.pdf
PDF-DOC-E001-72120606153938.pdf
PDF-DOC-E001-76320564294927.pdf
PDF-DOC-E001-76620564294927.pdf
PDF-DOC-E001-76720564294927.pdf
RH Brundle.pdf
RH Chopra.pdf
RH Cruijssen.pdf
RH Driessen.pdf
RH Evans.pdf
RH Hearty.pdf
RH SERVICIO DE TRASLADO FILE260500014.pdf
RH TRASLADOS FILE2605000004 JOSE LUIS.pdf
RH TUCANO.pdf
RHE10099100171E001431.pdf
RHE10099100171E001450  FILE 260700017 MR ALEXANDER DRIESSEN X 3 16 JULIO.pdf
RHE10106296168E001441.pdf
RHE10106296168E001443.pdf
RHE10106296168E001444.pdf
RHE10106296168E001445.pdf
RHE10239898993E001544.pdf
RHE10405221701E0011409.pdf
RHE10416543700E001903.pdf
RHE10422800102E001411.pdf
RHE10422800102E001412.pdf
RHE10422800102E001453.pdf
RHE10422800102E001455.pdf
RHE10422800102E001459.pdf
RHE10422800102E001460.pdf
RHE10422800102E001461.pdf
RHE10422800102E001462.pdf
RHE10458482387E001576.pdf
RHE10458482387E001577.pdf
RHE10458482387E001578.pdf
RHE10458482387E001579.pdf
RHE10458482387E001580.pdf
RHE10458482387E001581.pdf
19.08-CCM_HOTEL_GROUP-FILE_260900003-SOL_10023135.pdf
20307167442-01-F001-00005653.pdf
20419195317-01-FL09-00136064.pdf
20510931514-01-F078-00006851.pdf
20536047906-01-F007-00024508.pdf
20536047906-01-F008-00035739.pdf
20563817675-01-F003-00017125.pdf
20563817675-01-F003-00017127.pdf
20563817675-07-FNC3-00001843.pdf
E001-7201.pdf
FACTURA BRAIDY WONDERS ALOJAMIENTO 4,5,6,7,SEP.pdf
FV-734 Braydi Wonders SAC.pdf
PDF-DOC-E001-70010756090416.pdf
RHE_Braidy_Wonders_12AGO.pdf
RHE_Braidy_Wonders_16AGO.pdf
