JOSE MERCADO 07.08.xls
SAULO ANICAMA 07.08.xls
ANDRES GUILLEN 07.08.xls
URSULA BEOUTIS 07.08.xls
PABEL PAEZ 07.08.xls
JOSE ANCAYPURO 07.08.xls
ERNESTO ALCAZAR 07.08.xls
HOTEL GIRASOLES 07.08-1.xls
HOTEL GIRASOLES 07.08-2.xls
MANUEL GIRON 07.08-1.xls
MANUEL GIRON 07.08-2.xls
MANUEL GIRON 07.08-3.xls
MANUEL GIRON 07.08-4.xls
MANUEL GIRON 07.08-5.xls
MANUEL GIRON 07.08-6.xls
MANUEL GIRON 07.08-7.xls
MCA TRANSPORTE 07.08.xls
RUMIPUNKU HOTEL 07.08.xls
SAMUEL SILVA 07.08.xls
ANDREA ROBLES 08.08.xls
SIETE APUS 08.08.xls
10.08_MANUEL_GIRON-SOL_010022973-FILE_260800004.xls
10.08_MANUEL_GIRON-SOL_010022974-FILE_260800004.xls
10.08_MANUEL_GIRON-SOL_010022975-FILE_260800004.xls
10.08_PAUL_CATACORA-SOL_010022977-FILE_260800004.xls
10.08_PAUL_CATACORA-SOL_010022976-FILE_260800004.xls
10.08_TITICACA_TRAIN-SOL_010022203-FILE_261000006.xls
10.08_TITICACA_TRAIN-SOL_010022793-FILE_261000003.xls
11.08-JOSE_ANCAYPURO-FILE_260700008-SOL_10022986.xls
11.08-YESICA_ANCAYPURO-FILE_260800004-SOL_10022987.xls
11.08-PAUL_CATACORA-FILE_260800005_SOL_10022839.xls
11.08-MANUEL_GIRON-FILE_260800005-SOL_10022839.xls
11.08-JOSE_ANCAYPURO-FILE_26080005-SOL_10022844.xls
11.08-YESICA_ANCAYPURO-FILE_260800001-SOL_10022914.xls
11.08-FLORA_CALLANAUPA-FILE_260500005-SOL_10021398.xls
11.08-ALBERGUE_OLLANTAYTAMBO-FILE_260800004-SOL_10022818.xls
11.08-YESICA_ANCAYPURO-FILE_260800004-SOL_10022988.xls
11.08-COSTA_NORTE-FILE_260800004-SOL_10022862.xls
11.08-CUSCO_RESTAURANTS-FILE_260800004-SOL_10022900.xls
11.08-MANUEL_GIRON-FILE_260800007-SOL_10022900.xls
11.08-RONALD_SARMIENTO-FILE_260800007-SOL_10022899.xls
11.08-INCA_RAIL-FILE_261000002-SOL_10021999.xls
11.08-PERU_RAIL-FILE-261000002-SOL_10021246.xls
11.08-TITICACA_RAIL-FILE_261000006-SOL_10022204.xls
11.08-TITICACA_RAIL-FILE_261000006-SOL_10022851.xls
11.08-TITICACA_RAIL-FILE_261000006-SOL_10022852.xls
11.08-SAMUEL_SILVA-FILE_260600002-SOL_10022970.xls
11.08-ALAS_PERUANAS-FILE_260800004-SOL_10022995.xls
11.08-ADRIEL_VILCAS-FILE_260700009-SOL_10022343.xls
11.08-MANUEL_GIRON-FILE_260500002-SOL_10022553.xls
11.08-FERNANDO_MENDOZA-FILE_260700005-SOL_10022997.xls
11.08-RONALD_SARMIENTO-FILE_260500014-SOL_10021615.xls
11.08-RONALD_SARMIENTO-FILE_260500014-SOL_10022233.xls
12.08-ALQA-FILE_260800007-SOL_10022872.xls
12.08-INDIO_FELIZ-FILE_260800005-SOL_10022921.xls
12.08-INKATERRA-FILE_260800005-SOL_10022994.xls
12.08-JOSE_LUIS_ANCAYPURO-FILE_260800005-SOL_10022844.xls
12.08-CUSCO_RESTAURANTS-FILE_260800001-SOL_10022915.xls
12.08-MANUEL_GIRON-FILE_260800005-SOL_10022939.xls
12.08-PERU_RAIL-FILE_261000006-SOL_10022851.xls
12.08-TITICACA_TRAIN-FILE_261000006-SOL_10022794.xls
12.08-PERU_RAIL-FILE_261000002-SOL_10021247.xls
12.08-ABACO-ALQUILER_AGOSTO.xls
12.08-CALA-FILE_260800005-SOL_10022843.xls
13.08-ARANWA-FILE_260700010-SOL_10023038.xls
13.08-ARANWA-FILE_260700010-SOL_10023037.xls
13.08-PAUL_CATACORA-FILE_260800004-SOL_10022976.xls
13.08-PAUL_CATACORA-FILE_260700010-SOL_10022982.xls
13.08-CIRQA-FILE_261000006-SOL_10022792.xls
13.08-JOSE_ANCAYPURO-FILE_260800007-SOL_10022873.xls
14.08-ANDY_HANCO-FILE_260600017-SOL_10022246.xls
14.08-ARCOBALENO-FT_7057-7059-7066-7067.xls
14.08-CAMPING_TOURS-FT_1807-1844-1847-1880.xls
14.08-CUSCO_AVENTURAS-FILE_260700011.xls
14.08-FENIX_TOURS-FT-1618_1666.xls
14.08-GABRIELA_TOURS-FILE_260600003.xls
14.08-VICTOR_MAMANI-FILE_251200008-SOL_10021832.xls
14.08-HOUSE_TOURS-FILE_260600002-SOL_10022772.xls
14.08-KEMPO_TOURS-FILE_260700012.xls
14.08-PERUVIAN_CULTURE_TRAVEL-FT-653-670.xls
14.08-RONALD_SARMIENTO-RHE-411-412-453-452-460.xls
14.08-TRNASPORTE_LASER-FT-1115-1124-1152-1156-1169-1170-1230.xls
14.08-HENRY_GONZALES-RHE-640-639-637-635-645.xls
14.08-ADRIEL_VILCAS-RHE-441-443.xls
14.08-RIGAL_LIMOUSINE-FILE_260500015-SOL_10022216.xls
14.08-XTREME_TURBULENCIA-FILE_260600001-SOL_10022161.xls
14.08-PERU_RAIL-FILE_260900010-SOL_10023046.xls
14.08-TRENES_BELMOND-FILE_260900010-SOL_10023048.xls
14.08-COSTA_DEL_SOL-FILE_260700010-SOL_10023079.xls
14.08-CAMPING_TOURS-FILE_261100004-SOL_10023078.xls
17.08-CAMPING_TOUR-FILE_261100004-SOL_10023077.xls
17.08-COCK_ROCK_LODGE-FILE_260900004-SOL_10023100.xls
17.08-COSTA_DEL_SOL-FILE_260900004-SOL_10023095.xls
17.08-ECOAN_TOURS-FILE_260900004-SOL_10023097.xls
17.08-HOTEL_SUITES-FILE_260900004-SOL_10023098.xls
17.08-KAWSAYPAQ_LODGE-FILE_260900004-SOL_10023096.xls
17.08-MANU_BIOLODGE-FILE_260900004-SOL_10023101.xls
17.08-MOUNTAIN_VIEW-FILE_261100004-SOL_10023090.xls
17.08-PERU_RAIL-FILE_260900002.xls
17.08-TRENES_BELMOND-FILE_261000009.xls
17.08-WAQANKI_ECOLODGE-FILE_260900004-SOL_10023096.xls
18.08-FINE_REPRESENTATION_LTD.xls
18.08-MANUEL_CUELLAR-FILE_260800001.xls
18.08-URSULA_BEOUTIS-E001-172.xls
19.08-ALQUILER_OFICINA-E001-950.xls
19.08-AMERICANA_DE_TURISMO-FILE_260800001-SOL_10023052.xls
19.08-BUGANVILLA-FILE_260700010-SOL_10022845.xls
19.08-CAMPING_TOURS-FILE_260800003.xls
19.08-CAMPING_TOURS-FILE_260800005-SOL_10021519.xls
19.08-CCM_HOTEL_GROUP-FILE_260900003-SOL_10023135.xls
19.08-CREES_MANU-FILE_260900002-SOL_10023108.xls
19.08-ELENA_CANLLA-FILE_260800001-SOL_10023057.xls
19.08-GO2INKAS-FILE_260800001-SOL_10022913.xls
19.08-GO2INKAS-FILE_261000009-SOL_10023021.xls
19.08-HOTELES_LA_HACIENDA-FILE_260900003-SOL_10023140.xls
19.08-INMOBILIARIA_DE_TURISMO-FILE_260800001-SOL_10023059.xls
19.08-PETIT_POIS-FILE_261000006-SOL_10022790.xls
19.08-QUBITS-FILE_260900003-SOL_10023138.xls
19.08-TURISMO_SOFIA-FILE_260900003-SOL_10023138.xls
19.08-YESICA_ANCAYPURO-FILE_260800005-SOL_10022942.xls
